[skygreenwaste.com/index.html]
[backblue.gif]
[fade.gif]
[index.html]
[skygreenwaste.com/js/modernizr-2.8.3.min.js]
[skygreenwaste.com/contact.html]
[skygreenwaste.com/img/logo.png]
[skygreenwaste.com/eco-friendly-recycling.html]
[skygreenwaste.com/asset-mnagement.html]
[skygreenwaste.com/about-us.html]
[skygreenwaste.com/collection.html]
[skygreenwaste.com/reverse-logistices.html]
[skygreenwaste.com/data-security.html]
[skygreenwaste.com/refurbishing.html]
[skygreenwaste.com/team.html]
[skygreenwaste.com/sustanibility.html]
[skygreenwaste.com/career.html]
[skygreenwaste.com/img/4.jpg]
[skygreenwaste.com/img/5.jpg]
[skygreenwaste.com/img/3.jpg]
[skygreenwaste.com/img/2.jpg]
[skygreenwaste.com/img/1.jpg]
[skygreenwaste.com/img/service/1.png]
[skygreenwaste.com/img/service/2.png]
[skygreenwaste.com/img/service/3.png]
[skygreenwaste.com/img/service/4.png]
[skygreenwaste.com/img/about.jpg]
[skygreenwaste.com/img/project/1.jpg]
[skygreenwaste.com/img/project/2.jpg]
[skygreenwaste.com/img/project/3.jpg]
[skygreenwaste.com/img/11.jpg]
[skygreenwaste.com/img/22.jpg]
[skygreenwaste.com/img/33.jpg]
[skygreenwaste.com/img/logo-2.png]
[skygreenwaste.com/blog.html]
[skygreenwaste.com/img/flickr/1.jpg]
[skygreenwaste.com/img/flickr/2.jpg]
[skygreenwaste.com/img/flickr/3.jpg]
[skygreenwaste.com/img/flickr/4.jpg]
[skygreenwaste.com/img/flickr/5.jpg]
[skygreenwaste.com/img/flickr/6.jpg]
[skygreenwaste.com/img/flickr/7.jpg]
[skygreenwaste.com/js/bootstrap.min.js]
[skygreenwaste.com/js/ajax-mail.js]
[skygreenwaste.com/js/main.js]
[skygreenwaste.com/index.html]
[skygreenwaste.com/img/favicon.html]
[skygreenwaste.com/js/jquery-1.12.0.min.js]
[skygreenwaste.com/js/jquery.flexisel.js]
[skygreenwaste.com/js/plugins.js]
[skygreenwaste.com/css/bootstrap.min.css]
[skygreenwaste.com/fonts/Material-Design-Iconic-Fontd1f1.ttf]
[skygreenwaste.com/css/material-design-iconic-font.min.css]
[skygreenwaste.com/fonts/fontawesome-webfont3e6e.eot]
[skygreenwaste.com/fonts/fontawesome-webfontd41d.eot]
[skygreenwaste.com/fonts/fontawesome-webfont3e6e.woff]
[skygreenwaste.com/css/font-awesome.min.css]
[skygreenwaste.com/css/plugins.css]
[skygreenwaste.com/img/page-banner.jpg]
[skygreenwaste.com/img/service/collection-banner-img.jpg]
[skygreenwaste.com/img/service/data-security-banner-img.jpg]
[skygreenwaste.com/img/service/asset-mnagement-img.jpg]
[skygreenwaste.com/img/service/eco-friendly-recycling-img.jpg]
[skygreenwaste.com/img/service/reverse-logistices-img.jpg]
[skygreenwaste.com/img/service/refurbishing-img.jpg]
[skygreenwaste.com/img/service/contact-us-img.jpg]
[skygreenwaste.com/img/service/about-us-img.jpg]
[skygreenwaste.com/img/content-bg.png]
[skygreenwaste.com/css/style.css]
[skygreenwaste.com/css/styles.css]
[code.jquery.com/jquery-1.7.1.min.js]
[skygreenwaste.com/WebResource5eff.js]
[skygreenwaste.com/WebResource02c5.js]
[skygreenwaste.com/contact.html]
[skygreenwaste.com/about-us.html]
[skygreenwaste.com/collection.html]
[skygreenwaste.com/data-security.html]
[skygreenwaste.com/asset-mnagement.html]
[skygreenwaste.com/eco-friendly-recycling.html]
[skygreenwaste.com/reverse-logistices.html]
[skygreenwaste.com/refurbishing.html]
[skygreenwaste.com/index-2.html]
[skygreenwaste.com/img/team.jpg]
[skygreenwaste.com/team.html]
[skygreenwaste.com/img/sustanibility.png]
[skygreenwaste.com/sustanibility.html]
[skygreenwaste.com/career.html]
[skygreenwaste.com/img/5.jpg]
[skygreenwaste.com/img/3.jpg]
[skygreenwaste.com/blog-details.html]
[skygreenwaste.com/img/blog/1.jpg]
[skygreenwaste.com/blog.html]
[skygreenwaste.com/www.phitsolution.html]
[skygreenwaste.com/fonts/glyphicons-halflings-regular.html]
[skygreenwaste.com/fonts/glyphicons-halflings-regulard41d.html]
[skygreenwaste.com/fonts/glyphicons-halflings-regular-2.html]
[skygreenwaste.com/fonts/glyphicons-halflings-regular-3.html]
[skygreenwaste.com/fonts/glyphicons-halflings-regular-4.html]
[skygreenwaste.com/fonts/glyphicons-halflings-regular-5.html]
[skygreenwaste.com/fonts/Material-Design-Iconic-Fontd1f1.html]
[skygreenwaste.com/fonts/Material-Design-Iconic-Fontd1f1-2.html]
[skygreenwaste.com/fonts/Material-Design-Iconic-Fontd1f1.ttf]
[skygreenwaste.com/fonts/fontawesome-webfontd41d.eot]
[skygreenwaste.com/fonts/fontawesome-webfont3e6e.eot]
[skygreenwaste.com/fonts/fontawesome-webfont3e6e.html]
[skygreenwaste.com/fonts/fontawesome-webfont3e6e.woff]
[skygreenwaste.com/fonts/fontawesome-webfont3e6e.ttf]
[skygreenwaste.com/fonts/fontawesome-webfont3e6e.svg]
[skygreenwaste.com/img/service/asset-mnagement-img.jpg]
[skygreenwaste.com/css/img/hero/1.html]
[skygreenwaste.com/css/img/hero/video.html]
[skygreenwaste.com/css/img/icon/caret-down.html]
[skygreenwaste.com/css/img/bg/video.html]
[skygreenwaste.com/css/img/icon/plus.html]
[skygreenwaste.com/css/img/bg/testimonial.html]
[skygreenwaste.com/css/img/icon/plus-2.html]
[skygreenwaste.com/img/service/reverse-logistices-img.jpg]
[skygreenwaste.com/WebResource5eff.js]
[skygreenwaste.com/WebResource02c5.js]
[skygreenwaste.com/index-2.html]
[skygreenwaste.com/index,.html]
[skygreenwaste.com/img/5.jpg]
[skygreenwaste.com/blog-details.html]
[skygreenwaste.com/POST.html]
[skygreenwaste.com/img/3.jpg]
